/*
 * Copyright (C) 2024 PostGraphDB
 *
 * This program is free software: you can redistribute it and/or modify
 * it under the terms of the GNU Affero General Public License as
 * published by the Free Software Foundation, either version 3 of the
 * License, or (at your option) any later version.
 *
 * This program is distributed in the hope that it will be useful,
 * but WITHOUT ANY WARRANTY; without even the implied warranty of
 * MERCHANTABILITY or FITNESS FOR A PARTICULAR PURPOSE.  See the
 * GNU Affero General Public License for more details.
 *
 * You should have received a copy of the GNU Affero General Public License
 * along with this program.  If not, see <https://www.gnu.org/licenses/>.
 */ 
-- Regression tests don't preload extensions, gotta load it first
LOAD 'postgraph';
SET search_path TO 'postgraph';
SET search_path TO DEFAULT;
SET search_path TO 'postgraph';
CREATE EXTENSION postgraph;
ERROR:  extension "postgraph" already exists
CREATE EXTENSION hstore CASCADE SCHEMA public;
CREATE EXTENSION IF NOT EXISTS hstore;
NOTICE:  extension "hstore" already exists, skipping
CREATE EXTENSION IF NOT EXISTS pg_trgm VERSION '1.3';
-- Basic Graph creation
CREATE GRAPH new_cypher;
NOTICE:  graph "new_cypher" has been created
WARNING:  relcache reference leak: relation "_adj__adj__ag_label_vertex" not closed
 create_graph 
--------------
 
(1 row)

-- Assign Graph to use
USE GRAPH new_cypher;
 use_graph 
-----------
 
(1 row)

-- Reuse Name, should throw error
CREATE GRAPH new_cypher;
ERROR:  graph "new_cypher" already exists
-- Graph Does not exist, should throw error
USE GRAPH new_cypher;
 use_graph 
-----------
 
(1 row)

CREATE GRAPH new_cypher_2;
NOTICE:  graph "new_cypher_2" has been created
WARNING:  relcache reference leak: relation "_adj__adj__ag_label_vertex" not closed
 create_graph 
--------------
 
(1 row)

USE GRAPH new_cypher_2;
 use_graph 
-----------
 
(1 row)

USE GRAPH new_cypher;
 use_graph 
-----------
 
(1 row)

SELECT * FROM postgraph.ag_label WHERE name = '_ag_label_vertex';
       name       | graph | id | kind |           relation            |           vertex_adjlist           |    label_path    
------------------+-------+----+------+-------------------------------+------------------------------------+------------------
 _ag_label_vertex | 18815 |  1 | v    | new_cypher._ag_label_vertex   | new_cypher._adj__ag_label_vertex   | _ag_label_vertex
 _ag_label_vertex | 18853 |  1 | v    | new_cypher_2._ag_label_vertex | new_cypher_2._adj__ag_label_vertex | _ag_label_vertex
(2 rows)

\d+ new_cypher._adj__ag_label_vertex
                                Table "new_cypher._adj__ag_label_vertex"
   Column   |  Type   | Collation | Nullable |      Default      | Storage  | Stats target | Description 
------------+---------+-----------+----------+-------------------+----------+--------------+-------------
 id         | graphid |           |          |                   | plain    |              | 
 start_id   | graphid |           | not null |                   | plain    |              | 
 end_id     | graphid |           | not null |                   | plain    |              | 
 properties | gtype   |           |          | gtype_build_map() | extended |              | 
Indexes:
    "idx_hash__adj__ag_label_vertex" btree (start_id)

SELECT c.relname AS table_name,am.amname AS access_method
FROM pg_class c
JOIN pg_am am ON c.relam = am.oid
WHERE c.relkind = 'r' AND c.relname = '_adj__ag_label_vertex';
      table_name       | access_method  
-----------------------+----------------
 _adj__ag_label_vertex | vertex_adjlist
 _adj__ag_label_vertex | vertex_adjlist
(2 rows)

DROP GRAPH new_cypher CASCADE;
NOTICE:  drop cascades to 4 other objects
DETAIL:  drop cascades to table new_cypher._ag_label_vertex
drop cascades to table new_cypher._adj__ag_label_vertex
drop cascades to table new_cypher._adj__adj__ag_label_vertex
drop cascades to table new_cypher._ag_label_edge
NOTICE:  graph "new_cypher" has been dropped
 drop_graph 
------------
 
(1 row)

DROP GRAPH new_cypher_2 CASCADE;
NOTICE:  drop cascades to 4 other objects
DETAIL:  drop cascades to table new_cypher_2._ag_label_vertex
drop cascades to table new_cypher_2._adj__ag_label_vertex
drop cascades to table new_cypher_2._adj__adj__ag_label_vertex
drop cascades to table new_cypher_2._ag_label_edge
NOTICE:  graph "new_cypher_2" has been dropped
 drop_graph 
------------
 
(1 row)

